<html>
  <body>
    This is an extra file that should also be copied over
  </body>
</html>