<html><head><title>This too</title><script defer src="/thisToo-bundle.js"></script><link rel="stylesheet" href="/thisToo.css"></head><body><p>Hi, how are ya?</p></body></html>