<html><head><script src="https://cdn.jsdelivr.net/npm/vue"></script><script src="/bundle-index.js"></script><link rel="stylesheet" href="https://cdnjs.cloudflare.com/ajax/libs/normalize/8.0.1/normalize.min.css"><link rel="stylesheet" href="/index.css"></head><body></body></html>